/Users/datsuns/bin/sat/lib/gcc/arm-none-eabi/4.7.3/../../../../arm-none-eabi/lib/thumb/cortex-m4/libc.a(lib_a-abort.o): In function `abort':
/Users/datsuns/work/programming/cpp/tdd4ec/stm32fdiscovery/summon-arm-toolchain/build/arm-none-eabi/thumb/cortex-m4/newlib/libc/stdlib/../../../../../../../gcc-linaro-4.7-2013.01/newlib/libc/stdlib/abort.c:63: undefined reference to `_exit'
/Users/datsuns/bin/sat/lib/gcc/arm-none-eabi/4.7.3/../../../../arm-none-eabi/lib/thumb/cortex-m4/libc.a(lib_a-signalr.o): In function `_kill_r':
/Users/datsuns/work/programming/cpp/tdd4ec/stm32fdiscovery/summon-arm-toolchain/build/arm-none-eabi/thumb/cortex-m4/newlib/libc/reent/../../../../../../../gcc-linaro-4.7-2013.01/newlib/libc/reent/signalr.c:61: undefined reference to `_kill'
/Users/datsuns/bin/sat/lib/gcc/arm-none-eabi/4.7.3/../../../../arm-none-eabi/lib/thumb/cortex-m4/libc.a(lib_a-signalr.o): In function `_getpid_r':
/Users/datsuns/work/programming/cpp/tdd4ec/stm32fdiscovery/summon-arm-toolchain/build/arm-none-eabi/thumb/cortex-m4/newlib/libc/reent/../../../../../../../gcc-linaro-4.7-2013.01/newlib/libc/reent/signalr.c:96: undefined reference to `_getpid'
/Users/datsuns/bin/sat/lib/gcc/arm-none-eabi/4.7.3/../../../../arm-none-eabi/lib/thumb/cortex-m4/libc.a(lib_a-sbrkr.o): In function `_sbrk_r':
/Users/datsuns/work/programming/cpp/tdd4ec/stm32fdiscovery/summon-arm-toolchain/build/arm-none-eabi/thumb/cortex-m4/newlib/libc/reent/../../../../../../../gcc-linaro-4.7-2013.01/newlib/libc/reent/sbrkr.c:58: undefined reference to `_sbrk'
collect2: error: ld returned 1 exit status
make: *** [build/ch.elf] Error 1
